[forklift_v4_recording_20260901_173507] frames=3729 offset=36
  250/3729
  500/3729
  750/3729
  1000/3729
  1250/3729
  1500/3729
  1750/3729
  2000/3729
  2250/3729
  2500/3729
  2750/3729
  3000/3729
  3250/3729
  3500/3729
saved C:\Users\dhshs\Downloads\로그수집\rotation_fit\kpts\forklift_v4_recording_20260901_173507_kpts.npz (3729, 9, 3)
[forklift_v4_recording_20260901_174126] frames=757 offset=36
  250/757
  500/757
  750/757
saved C:\Users\dhshs\Downloads\로그수집\rotation_fit\kpts\forklift_v4_recording_20260901_174126_kpts.npz (757, 9, 3)
[forklift_v4_recording_20260901_174342] frames=2501 offset=36
  250/2501
  500/2501
  750/2501
  1000/2501
  1250/2501
  1500/2501
  1750/2501
  2000/2501
  2250/2501
  2500/2501
saved C:\Users\dhshs\Downloads\로그수집\rotation_fit\kpts\forklift_v4_recording_20260901_174342_kpts.npz (2501, 9, 3)
[forklift_v4_recording_20260901_174925] frames=1923 offset=36
  250/1923
  500/1923
  750/1923
  1000/1923
  1250/1923
  1500/1923
  1750/1923
saved C:\Users\dhshs\Downloads\로그수집\rotation_fit\kpts\forklift_v4_recording_20260901_174925_kpts.npz (1923, 9, 3)
[forklift_v4_recording_20260901_175419] frames=577 offset=54
  250/577
  500/577
saved C:\Users\dhshs\Downloads\로그수집\rotation_fit\kpts\forklift_v4_recording_20260901_175419_kpts.npz (577, 9, 3)
[mpeg4 @ 000001e7403cd4c0] ac-tex damaged at 14 6
[mpeg4 @ 000001e7403cd4c0] Error at MB: 260
