{"state": "training", "updated_local": "2026-09-05 15:00:24", "awaiting": ["C:\\Users\\DELL\\Downloads\\로그수집\\training\\symmetry\\models\\v4_c4_manualgt_20260905.pt", "C:\\Users\\DELL\\Downloads\\로그수집\\training\\symmetry\\models\\v4_fixed_manualgt_20260905.pt"]}
{"state": "training", "updated_local": "2026-09-05 15:00:54", "awaiting": ["C:\\Users\\DELL\\Downloads\\로그수집\\training\\symmetry\\models\\v4_c4_manualgt_20260905.pt", "C:\\Users\\DELL\\Downloads\\로그수집\\training\\symmetry\\models\\v4_fixed_manualgt_20260905.pt"]}
{"state": "training", "updated_local": "2026-09-05 15:01:24", "awaiting": ["C:\\Users\\DELL\\Downloads\\로그수집\\training\\symmetry\\models\\v4_c4_manualgt_20260905.pt", "C:\\Users\\DELL\\Downloads\\로그수집\\training\\symmetry\\models\\v4_fixed_manualgt_20260905.pt"]}
{"state": "training", "updated_local": "2026-09-05 15:01:54", "awaiting": ["C:\\Users\\DELL\\Downloads\\로그수집\\training\\symmetry\\models\\v4_c4_manualgt_20260905.pt", "C:\\Users\\DELL\\Downloads\\로그수집\\training\\symmetry\\models\\v4_fixed_manualgt_20260905.pt"]}
{"state": "training", "updated_local": "2026-09-05 15:02:24", "awaiting": ["C:\\Users\\DELL\\Downloads\\로그수집\\training\\symmetry\\models\\v4_c4_manualgt_20260905.pt", "C:\\Users\\DELL\\Downloads\\로그수집\\training\\symmetry\\models\\v4_fixed_manualgt_20260905.pt"]}
{"state": "training", "updated_local": "2026-09-05 15:02:54", "awaiting": ["C:\\Users\\DELL\\Downloads\\로그수집\\training\\symmetry\\models\\v4_c4_manualgt_20260905.pt", "C:\\Users\\DELL\\Downloads\\로그수집\\training\\symmetry\\models\\v4_fixed_manualgt_20260905.pt"]}
{"state": "training", "updated_local": "2026-09-05 15:03:24", "awaiting": ["C:\\Users\\DELL\\Downloads\\로그수집\\training\\symmetry\\models\\v4_c4_manualgt_20260905.pt", "C:\\Users\\DELL\\Downloads\\로그수집\\training\\symmetry\\models\\v4_fixed_manualgt_20260905.pt"]}
{"state": "training", "updated_local": "2026-09-05 15:03:54", "awaiting": ["C:\\Users\\DELL\\Downloads\\로그수집\\training\\symmetry\\models\\v4_c4_manualgt_20260905.pt", "C:\\Users\\DELL\\Downloads\\로그수집\\training\\symmetry\\models\\v4_fixed_manualgt_20260905.pt"]}
{"state": "training", "updated_local": "2026-09-05 15:04:24", "awaiting": ["C:\\Users\\DELL\\Downloads\\로그수집\\training\\symmetry\\models\\v4_c4_manualgt_20260905.pt", "C:\\Users\\DELL\\Downloads\\로그수집\\training\\symmetry\\models\\v4_fixed_manualgt_20260905.pt"]}
{"state": "training", "updated_local": "2026-09-05 15:04:54", "awaiting": ["C:\\Users\\DELL\\Downloads\\로그수집\\training\\symmetry\\models\\v4_c4_manualgt_20260905.pt", "C:\\Users\\DELL\\Downloads\\로그수집\\training\\symmetry\\models\\v4_fixed_manualgt_20260905.pt"]}
{"state": "training", "updated_local": "2026-09-05 15:05:24", "awaiting": ["C:\\Users\\DELL\\Downloads\\로그수집\\training\\symmetry\\models\\v4_c4_manualgt_20260905.pt", "C:\\Users\\DELL\\Downloads\\로그수집\\training\\symmetry\\models\\v4_fixed_manualgt_20260905.pt"]}
{"state": "training", "updated_local": "2026-09-05 15:05:54", "awaiting": ["C:\\Users\\DELL\\Downloads\\로그수집\\training\\symmetry\\models\\v4_c4_manualgt_20260905.pt", "C:\\Users\\DELL\\Downloads\\로그수집\\training\\symmetry\\models\\v4_fixed_manualgt_20260905.pt"]}
{"state": "training", "updated_local": "2026-09-05 15:06:24", "awaiting": ["C:\\Users\\DELL\\Downloads\\로그수집\\training\\symmetry\\models\\v4_c4_manualgt_20260905.pt", "C:\\Users\\DELL\\Downloads\\로그수집\\training\\symmetry\\models\\v4_fixed_manualgt_20260905.pt"]}
{"state": "training", "updated_local": "2026-09-05 15:06:54", "awaiting": ["C:\\Users\\DELL\\Downloads\\로그수집\\training\\symmetry\\models\\v4_c4_manualgt_20260905.pt", "C:\\Users\\DELL\\Downloads\\로그수집\\training\\symmetry\\models\\v4_fixed_manualgt_20260905.pt"]}
{"state": "training", "updated_local": "2026-09-05 15:07:24", "awaiting": ["C:\\Users\\DELL\\Downloads\\로그수집\\training\\symmetry\\models\\v4_c4_manualgt_20260905.pt", "C:\\Users\\DELL\\Downloads\\로그수집\\training\\symmetry\\models\\v4_fixed_manualgt_20260905.pt"]}
{"state": "training", "updated_local": "2026-09-05 15:07:54", "awaiting": ["C:\\Users\\DELL\\Downloads\\로그수집\\training\\symmetry\\models\\v4_c4_manualgt_20260905.pt", "C:\\Users\\DELL\\Downloads\\로그수집\\training\\symmetry\\models\\v4_fixed_manualgt_20260905.pt"]}
{"state": "training", "updated_local": "2026-09-05 15:08:24", "awaiting": ["C:\\Users\\DELL\\Downloads\\로그수집\\training\\symmetry\\models\\v4_c4_manualgt_20260905.pt", "C:\\Users\\DELL\\Downloads\\로그수집\\training\\symmetry\\models\\v4_fixed_manualgt_20260905.pt"]}
{"state": "training", "updated_local": "2026-09-05 15:08:54", "awaiting": ["C:\\Users\\DELL\\Downloads\\로그수집\\training\\symmetry\\models\\v4_c4_manualgt_20260905.pt", "C:\\Users\\DELL\\Downloads\\로그수집\\training\\symmetry\\models\\v4_fixed_manualgt_20260905.pt"]}
{"state": "training", "updated_local": "2026-09-05 15:09:24", "awaiting": ["C:\\Users\\DELL\\Downloads\\로그수집\\training\\symmetry\\models\\v4_c4_manualgt_20260905.pt", "C:\\Users\\DELL\\Downloads\\로그수집\\training\\symmetry\\models\\v4_fixed_manualgt_20260905.pt"]}
{"state": "training", "updated_local": "2026-09-05 15:09:54", "awaiting": ["C:\\Users\\DELL\\Downloads\\로그수집\\training\\symmetry\\models\\v4_c4_manualgt_20260905.pt", "C:\\Users\\DELL\\Downloads\\로그수집\\training\\symmetry\\models\\v4_fixed_manualgt_20260905.pt"]}
{"state": "training", "updated_local": "2026-09-05 15:10:24", "awaiting": ["C:\\Users\\DELL\\Downloads\\로그수집\\training\\symmetry\\models\\v4_c4_manualgt_20260905.pt", "C:\\Users\\DELL\\Downloads\\로그수집\\training\\symmetry\\models\\v4_fixed_manualgt_20260905.pt"]}
{"state": "training", "updated_local": "2026-09-05 15:10:55", "awaiting": ["C:\\Users\\DELL\\Downloads\\로그수집\\training\\symmetry\\models\\v4_c4_manualgt_20260905.pt", "C:\\Users\\DELL\\Downloads\\로그수집\\training\\symmetry\\models\\v4_fixed_manualgt_20260905.pt"]}
{"state": "training", "updated_local": "2026-09-05 15:11:25", "awaiting": ["C:\\Users\\DELL\\Downloads\\로그수집\\training\\symmetry\\models\\v4_c4_manualgt_20260905.pt", "C:\\Users\\DELL\\Downloads\\로그수집\\training\\symmetry\\models\\v4_fixed_manualgt_20260905.pt"]}
{"state": "training", "updated_local": "2026-09-05 15:11:55", "awaiting": ["C:\\Users\\DELL\\Downloads\\로그수집\\training\\symmetry\\models\\v4_c4_manualgt_20260905.pt", "C:\\Users\\DELL\\Downloads\\로그수집\\training\\symmetry\\models\\v4_fixed_manualgt_20260905.pt"]}
{"state": "training", "updated_local": "2026-09-05 15:12:25", "awaiting": ["C:\\Users\\DELL\\Downloads\\로그수집\\training\\symmetry\\models\\v4_c4_manualgt_20260905.pt", "C:\\Users\\DELL\\Downloads\\로그수집\\training\\symmetry\\models\\v4_fixed_manualgt_20260905.pt"]}
{"state": "training", "updated_local": "2026-09-05 15:12:55", "awaiting": ["C:\\Users\\DELL\\Downloads\\로그수집\\training\\symmetry\\models\\v4_fixed_manualgt_20260905.pt"]}
{"state": "training", "updated_local": "2026-09-05 15:13:25", "awaiting": ["C:\\Users\\DELL\\Downloads\\로그수집\\training\\symmetry\\models\\v4_fixed_manualgt_20260905.pt"]}
{"state": "training", "updated_local": "2026-09-05 15:13:55", "awaiting": ["C:\\Users\\DELL\\Downloads\\로그수집\\training\\symmetry\\models\\v4_fixed_manualgt_20260905.pt"]}
{"state": "training", "updated_local": "2026-09-05 15:14:25", "awaiting": ["C:\\Users\\DELL\\Downloads\\로그수집\\training\\symmetry\\models\\v4_fixed_manualgt_20260905.pt"]}
{"state": "training", "updated_local": "2026-09-05 15:14:55", "awaiting": ["C:\\Users\\DELL\\Downloads\\로그수집\\training\\symmetry\\models\\v4_fixed_manualgt_20260905.pt"]}
{"state": "training", "updated_local": "2026-09-05 15:15:25", "awaiting": ["C:\\Users\\DELL\\Downloads\\로그수집\\training\\symmetry\\models\\v4_fixed_manualgt_20260905.pt"]}
{"state": "training", "updated_local": "2026-09-05 15:15:55", "awaiting": ["C:\\Users\\DELL\\Downloads\\로그수집\\training\\symmetry\\models\\v4_fixed_manualgt_20260905.pt"]}
{"state": "training", "updated_local": "2026-09-05 15:16:25", "awaiting": ["C:\\Users\\DELL\\Downloads\\로그수집\\training\\symmetry\\models\\v4_fixed_manualgt_20260905.pt"]}
{"state": "training", "updated_local": "2026-09-05 15:16:55", "awaiting": ["C:\\Users\\DELL\\Downloads\\로그수집\\training\\symmetry\\models\\v4_fixed_manualgt_20260905.pt"]}
{"state": "training", "updated_local": "2026-09-05 15:17:25", "awaiting": ["C:\\Users\\DELL\\Downloads\\로그수집\\training\\symmetry\\models\\v4_fixed_manualgt_20260905.pt"]}
{"state": "training", "updated_local": "2026-09-05 15:17:55", "awaiting": ["C:\\Users\\DELL\\Downloads\\로그수집\\training\\symmetry\\models\\v4_fixed_manualgt_20260905.pt"]}
{"state": "training", "updated_local": "2026-09-05 15:18:25", "awaiting": ["C:\\Users\\DELL\\Downloads\\로그수집\\training\\symmetry\\models\\v4_fixed_manualgt_20260905.pt"]}
{"state": "training", "updated_local": "2026-09-05 15:18:55", "awaiting": ["C:\\Users\\DELL\\Downloads\\로그수집\\training\\symmetry\\models\\v4_fixed_manualgt_20260905.pt"]}
{"state": "training", "updated_local": "2026-09-05 15:19:25", "awaiting": ["C:\\Users\\DELL\\Downloads\\로그수집\\training\\symmetry\\models\\v4_fixed_manualgt_20260905.pt"]}
{"state": "training", "updated_local": "2026-09-05 15:19:55", "awaiting": ["C:\\Users\\DELL\\Downloads\\로그수집\\training\\symmetry\\models\\v4_fixed_manualgt_20260905.pt"]}
{"state": "training", "updated_local": "2026-09-05 15:20:25", "awaiting": ["C:\\Users\\DELL\\Downloads\\로그수집\\training\\symmetry\\models\\v4_fixed_manualgt_20260905.pt"]}
{"state": "training", "updated_local": "2026-09-05 15:20:55", "awaiting": ["C:\\Users\\DELL\\Downloads\\로그수집\\training\\symmetry\\models\\v4_fixed_manualgt_20260905.pt"]}
{"state": "training", "updated_local": "2026-09-05 15:21:25", "awaiting": ["C:\\Users\\DELL\\Downloads\\로그수집\\training\\symmetry\\models\\v4_fixed_manualgt_20260905.pt"]}
{"state": "training", "updated_local": "2026-09-05 15:21:55", "awaiting": ["C:\\Users\\DELL\\Downloads\\로그수집\\training\\symmetry\\models\\v4_fixed_manualgt_20260905.pt"]}
{"state": "training", "updated_local": "2026-09-05 15:22:25", "awaiting": ["C:\\Users\\DELL\\Downloads\\로그수집\\training\\symmetry\\models\\v4_fixed_manualgt_20260905.pt"]}
{"state": "training", "updated_local": "2026-09-05 15:22:55", "awaiting": ["C:\\Users\\DELL\\Downloads\\로그수집\\training\\symmetry\\models\\v4_fixed_manualgt_20260905.pt"]}
{"state": "training", "updated_local": "2026-09-05 15:23:25", "awaiting": ["C:\\Users\\DELL\\Downloads\\로그수집\\training\\symmetry\\models\\v4_fixed_manualgt_20260905.pt"]}
{"state": "training", "updated_local": "2026-09-05 15:23:55", "awaiting": ["C:\\Users\\DELL\\Downloads\\로그수집\\training\\symmetry\\models\\v4_fixed_manualgt_20260905.pt"]}
{"state": "training", "updated_local": "2026-09-05 15:24:25", "awaiting": ["C:\\Users\\DELL\\Downloads\\로그수집\\training\\symmetry\\models\\v4_fixed_manualgt_20260905.pt"]}
{"state": "training", "updated_local": "2026-09-05 15:24:55", "awaiting": ["C:\\Users\\DELL\\Downloads\\로그수집\\training\\symmetry\\models\\v4_fixed_manualgt_20260905.pt"]}
{"state": "training", "updated_local": "2026-09-05 15:25:25", "awaiting": ["C:\\Users\\DELL\\Downloads\\로그수집\\training\\symmetry\\models\\v4_fixed_manualgt_20260905.pt"]}
{"state": "training", "updated_local": "2026-09-05 15:25:55", "awaiting": ["C:\\Users\\DELL\\Downloads\\로그수집\\training\\symmetry\\models\\v4_fixed_manualgt_20260905.pt"]}
{"state": "training", "updated_local": "2026-09-05 15:26:25", "awaiting": ["C:\\Users\\DELL\\Downloads\\로그수집\\training\\symmetry\\models\\v4_fixed_manualgt_20260905.pt"]}
{"state": "training", "updated_local": "2026-09-05 15:26:55", "awaiting": ["C:\\Users\\DELL\\Downloads\\로그수집\\training\\symmetry\\models\\v4_fixed_manualgt_20260905.pt"]}
{"state": "training", "updated_local": "2026-09-05 15:27:25", "awaiting": ["C:\\Users\\DELL\\Downloads\\로그수집\\training\\symmetry\\models\\v4_fixed_manualgt_20260905.pt"]}
{"state": "training", "updated_local": "2026-09-05 15:27:55", "awaiting": ["C:\\Users\\DELL\\Downloads\\로그수집\\training\\symmetry\\models\\v4_fixed_manualgt_20260905.pt"]}
{"state": "training", "updated_local": "2026-09-05 15:28:25", "awaiting": ["C:\\Users\\DELL\\Downloads\\로그수집\\training\\symmetry\\models\\v4_fixed_manualgt_20260905.pt"]}
{"state": "training", "updated_local": "2026-09-05 15:28:55", "awaiting": ["C:\\Users\\DELL\\Downloads\\로그수집\\training\\symmetry\\models\\v4_fixed_manualgt_20260905.pt"]}
{"state": "training", "updated_local": "2026-09-05 15:29:25", "awaiting": ["C:\\Users\\DELL\\Downloads\\로그수집\\training\\symmetry\\models\\v4_fixed_manualgt_20260905.pt"]}
{"state": "training", "updated_local": "2026-09-05 15:29:55", "awaiting": ["C:\\Users\\DELL\\Downloads\\로그수집\\training\\symmetry\\models\\v4_fixed_manualgt_20260905.pt"]}
{"state": "training", "updated_local": "2026-09-05 15:30:25", "awaiting": ["C:\\Users\\DELL\\Downloads\\로그수집\\training\\symmetry\\models\\v4_fixed_manualgt_20260905.pt"]}
{"state": "training", "updated_local": "2026-09-05 15:30:55", "awaiting": ["C:\\Users\\DELL\\Downloads\\로그수집\\training\\symmetry\\models\\v4_fixed_manualgt_20260905.pt"]}
{"state": "training", "updated_local": "2026-09-05 15:31:25", "awaiting": ["C:\\Users\\DELL\\Downloads\\로그수집\\training\\symmetry\\models\\v4_fixed_manualgt_20260905.pt"]}
{"state": "training", "updated_local": "2026-09-05 15:31:55", "awaiting": ["C:\\Users\\DELL\\Downloads\\로그수집\\training\\symmetry\\models\\v4_fixed_manualgt_20260905.pt"]}
{"state": "training", "updated_local": "2026-09-05 15:32:25", "awaiting": ["C:\\Users\\DELL\\Downloads\\로그수집\\training\\symmetry\\models\\v4_fixed_manualgt_20260905.pt"]}
{"state": "training", "updated_local": "2026-09-05 15:32:55", "awaiting": ["C:\\Users\\DELL\\Downloads\\로그수집\\training\\symmetry\\models\\v4_fixed_manualgt_20260905.pt"]}
{"state": "training", "updated_local": "2026-09-05 15:33:25", "awaiting": ["C:\\Users\\DELL\\Downloads\\로그수집\\training\\symmetry\\models\\v4_fixed_manualgt_20260905.pt"]}
{"state": "training", "updated_local": "2026-09-05 15:33:55", "awaiting": ["C:\\Users\\DELL\\Downloads\\로그수집\\training\\symmetry\\models\\v4_fixed_manualgt_20260905.pt"]}
{"state": "selecting_on_validation", "updated_local": "2026-09-05 15:34:25"}
VALIDATION SELECTION c4 best.pt
VALIDATION SELECTION c4 epoch0.pt
VALIDATION SELECTION c4 epoch10.pt
VALIDATION SELECTION c4 last.pt
EXPORTED C:\Users\DELL\Downloads\로그수집\training\symmetry\models\pallet_yolo26n_pose_v4_c4_ft_selected.pt
VALIDATION SELECTION fixed best.pt
VALIDATION SELECTION fixed epoch0.pt
VALIDATION SELECTION fixed epoch10.pt
VALIDATION SELECTION fixed epoch20.pt
VALIDATION SELECTION fixed epoch30.pt
VALIDATION SELECTION fixed last.pt
EXPORTED C:\Users\DELL\Downloads\로그수집\training\symmetry\models\pallet_yolo26n_pose_v4_fixed_ft_selected.pt
{"state": "evaluating_test", "updated_local": "2026-09-05 15:34:42", "models": {"c4": "C:\\Users\\DELL\\Downloads\\로그수집\\training\\symmetry\\models\\pallet_yolo26n_pose_v4_c4_ft_selected.pt", "fixed": "C:\\Users\\DELL\\Downloads\\로그수집\\training\\symmetry\\models\\pallet_yolo26n_pose_v4_fixed_ft_selected.pt"}}
EVALUATING v4: C:\Users\DELL\Downloads\로그수집\extracted\pallet_yolo26n_pose_livegt_v4.pt
{"images": 45, "matched": 45, "recall_iou50": 1.0, "unmatched_detections": 0, "manual_mean_px": 1.3041946923781977, "manual_median_px": 1.2204582386934206, "manual_p95_px": 2.494348627679818, "manual_max_px": 4.098926895863643, "generated_mean_px": 1.7118671195481057, "manual_pck5_including_misses": 1.0, "manual_pck10_including_misses": 1.0, "permutation_histogram": [17, 0, 0, 28]}
EVALUATING c4: C:\Users\DELL\Downloads\로그수집\training\symmetry\models\pallet_yolo26n_pose_v4_c4_ft_selected.pt
{"images": 45, "matched": 45, "recall_iou50": 1.0, "unmatched_detections": 0, "manual_mean_px": 3.1092376007999647, "manual_median_px": 2.883125523030107, "manual_p95_px": 5.269270306650207, "manual_max_px": 25.776666893759305, "generated_mean_px": 2.8179962475643445, "manual_pck5_including_misses": 0.9277777777777778, "manual_pck10_including_misses": 0.9777777777777777, "permutation_histogram": [16, 0, 0, 29]}
EVALUATING fixed: C:\Users\DELL\Downloads\로그수집\training\symmetry\models\pallet_yolo26n_pose_v4_fixed_ft_selected.pt
{"images": 45, "matched": 45, "recall_iou50": 1.0, "unmatched_detections": 0, "manual_mean_px": 1.5571816574212196, "manual_median_px": 1.2865294953645958, "manual_p95_px": 3.8389934437584206, "manual_max_px": 8.785900847843251, "generated_mean_px": 1.3333498716005598, "manual_pck5_including_misses": 0.9777777777777777, "manual_pck10_including_misses": 1.0, "permutation_histogram": [45, 0, 0, 0]}
SAVED C:\Users\DELL\Downloads\로그수집\training\symmetry\evaluation\final_test
{"state": "rendering_continuous_videos", "updated_local": "2026-09-05 15:34:52"}
